\BOOKMARK [1][-]{section.1}{\376\377\213\260\123\367}{}% 1
\BOOKMARK [1][-]{section.2}{\376\377\137\025\212\000\116\016\122\250\147\072}{}% 2
\BOOKMARK [2][-]{subsection.2.1}{\376\377\116\000\116\052\121\167\117\123\127\072\146\157}{section.2}% 3
\BOOKMARK [2][-]{subsection.2.2}{\376\377\116\072\116\300\116\110\217\331\116\015\146\057\150\007\121\306\166\204\137\040\221\317\210\145\121\150\213\276\133\232}{section.2}% 4
\BOOKMARK [2][-]{subsection.2.3}{\376\377\121\111\156\321\121\110\232\214\127\050\131\026\143\250\145\366\213\364\116\206\116\300\116\110}{section.2}% 5
\BOOKMARK [2][-]{subsection.2.4}{\376\377\162\151\164\006\143\320\117\233\166\204\140\160\131\175\146\057\177\072\166\204\220\243\123\345\213\335}{section.2}% 6
\BOOKMARK [2][-]{subsection.2.5}{\376\377\200\014\116\024\127\050\217\331\116\052\213\276\133\232\221\314\217\336\000"\214\003\123\302\000"\220\375\120\132\116\015\122\060}{section.2}% 7
\BOOKMARK [1][-]{section.3}{\376\377\200\314\146\157}{}% 8
\BOOKMARK [2][-]{subsection.3.1}{\376\377\121\375\145\160\137\017\137\040\221\317\122\006\211\343}{section.3}% 9
\BOOKMARK [2][-]{subsection.3.2}{\376\377\116\072\116\300\116\110\133\277\116\073\137\305\230\173\146\057\000\040\000T\000u\000c\000k\000e\000r\000\040\200\014\116\015\146\057\000\040\000C\000P}{section.3}% 10
\BOOKMARK [1][-]{section.4}{\376\377\225\356\230\230\213\276\133\232}{}% 11
\BOOKMARK [1][-]{section.5}{\376\377\145\271\154\325}{}% 12
\BOOKMARK [2][-]{subsection.5.1}{\376\377\173\054\116\000\153\145\377\032\116\316\173\227\133\120\122\060\211\343\166\204\122\237\163\207\214\061}{section.5}% 13
\BOOKMARK [2][-]{subsection.5.2}{\376\377\173\054\116\214\153\145\377\032\116\015\123\357\122\006\140\047\040\024\040\024\147\054\145\271\154\325\211\201\211\343\121\263\166\204\150\070\137\303\225\356\230\230}{section.5}% 14
\BOOKMARK [2][-]{subsection.5.3}{\376\377\173\054\116\011\153\145\377\032\227\136\215\037\000\040\000C\000P\000\040\142\225\137\161}{section.5}% 15
\BOOKMARK [2][-]{subsection.5.4}{\376\377\173\054\126\333\153\145\377\032\116\316\214\061\122\060\150\070\377\010\000M\000e\000r\000c\000e\000r\377\011}{section.5}% 16
\BOOKMARK [2][-]{subsection.5.5}{\376\377\173\054\116\224\153\145\377\032\217\271\165\114\147\141\116\366\121\263\133\232\147\054\137\201\127\372}{section.5}% 17
\BOOKMARK [2][-]{subsection.5.6}{\376\377\173\054\121\155\153\145\377\032\155\367\124\010\147\103\221\315\116\016\167\345\213\306\150\143\117\115}{section.5}% 18
\BOOKMARK [2][-]{subsection.5.7}{\376\377\215\035\123\366\145\257\152\041\127\213\377\032\200\124\124\010\151\202\163\207}{section.5}% 19
\BOOKMARK [2][-]{subsection.5.8}{\376\377\123\330\122\006\143\250\145\255}{section.5}% 20
\BOOKMARK [2][-]{subsection.5.9}{\376\377\124\016\232\214\225\177\116\300\116\110\150\067}{section.5}% 21
\BOOKMARK [2][-]{subsection.5.10}{\376\377\173\054\116\003\153\145\377\032\143\250\145\255\166\204\133\236\163\260\211\201\160\271}{section.5}% 22
\BOOKMARK [2][-]{subsection.5.11}{\376\377\173\227\154\325\140\073\211\310}{section.5}% 23
\BOOKMARK [1][-]{section.6}{\376\377\133\236\232\214\213\276\133\232\116\016\145\160\143\156}{}% 24
\BOOKMARK [2][-]{subsection.6.1}{\376\377\145\160\143\156\147\145\156\220}{section.6}% 25
\BOOKMARK [2][-]{subsection.6.2}{\376\377\121\161\116\253\213\276\133\232}{section.6}% 26
\BOOKMARK [2][-]{subsection.6.3}{\376\377\117\040\141\037\126\150\136\003\134\100}{section.6}% 27
\BOOKMARK [1][-]{section.7}{\376\377\176\323\147\234}{}% 28
\BOOKMARK [2][-]{subsection.7.1}{\376\377\127\072\146\157\211\206\166\326}{section.7}% 29
\BOOKMARK [2][-]{subsection.7.2}{\376\377\116\016\146\364\137\072\166\204\133\371\142\113\153\324\217\203}{section.7}% 30
\BOOKMARK [2][-]{subsection.7.3}{\376\377\227\000\211\201\131\032\134\021\145\271\172\013\167\345\213\306}{section.7}% 31
\BOOKMARK [1][-]{section.8}{\376\377\134\100\226\120\116\016\134\032\147\052\211\343\221\312\166\204\163\260\214\141}{}% 32
\BOOKMARK [1][-]{section.9}{\376\377\131\015\163\260}{}% 33
